elementsHeNeArKr